// Jest Snapshot v1, https://goo.gl/fbAQLP

exports[`VirtualAssistant should render assistant 1`] = `
<div>
  <div
    class="pf-v5-c-card card-0-2-1 pf-v5-u-box-shadow-lg"
    data-ouia-component-id="VirtualAssistant-body"
    data-ouia-component-type="PF5/Card"
    data-ouia-safe="true"
    id=""
  >
    <div
      class="pf-v5-c-card__header cardHeader-0-2-6"
    >
      <div
        class="pf-v5-c-card__header-main"
      >
        <div
          class="pf-v5-l-flex pf-v5-u-flex-direction-row pf-v5-u-justify-content-center"
        >
          <div
            class="titleIconWrapper-0-2-9"
          >
            <span
              class="pf-v5-c-icon titleIcon-0-2-8"
            >
              <span
                class="pf-v5-c-icon__content"
              >
                <svg
                  aria-hidden="true"
                  class="pf-v5-svg"
                  fill="currentColor"
                  height="1em"
                  role="img"
                  viewBox="0 0 640 512"
                  width="1em"
                >
                  <path
                    d="M32,224H64V416H32A31.96166,31.96166,0,0,1,0,384V256A31.96166,31.96166,0,0,1,32,224Zm512-48V448a64.06328,64.06328,0,0,1-64,64H160a64.06328,64.06328,0,0,1-64-64V176a79.974,79.974,0,0,1,80-80H288V32a32,32,0,0,1,64,0V96H464A79.974,79.974,0,0,1,544,176ZM264,256a40,40,0,1,0-40,40A39.997,39.997,0,0,0,264,256Zm-8,128H192v32h64Zm96,0H288v32h64ZM456,256a40,40,0,1,0-40,40A39.997,39.997,0,0,0,456,256Zm-8,128H384v32h64ZM640,256V384a31.96166,31.96166,0,0,1-32,32H576V224h32A31.96166,31.96166,0,0,1,640,256Z"
                  />
                </svg>
              </span>
            </span>
          </div>
          <div
            class="cardTitle-0-2-7"
            data-ouia-component-id="VirtualAssistant-title"
          >
            Virtual Assistant
          </div>
        </div>
      </div>
    </div>
    <div
      class="pf-v5-c-card__body cardBody-0-2-2"
    />
    <div
      class="pf-v5-c-card__footer cardFooter-0-2-3"
    >
      <hr
        class="pf-v5-c-divider pf-v5-u-pb-md"
      />
      <span
        class="pf-v5-c-form-control pf-m-resize-both textArea-0-2-4"
      >
        <textarea
          aria-invalid="false"
          aria-label="Assistant input"
          data-test-id="assistant-text-input"
          placeholder="Send a message..."
          type="text"
        />
      </span>
      <button
        aria-disabled="false"
        aria-label="Virtual assistant's message"
        class="pf-v5-c-button pf-m-plain sendButton-0-2-5"
        data-ouia-component-id="OUIA-Generated-Button-plain-1"
        data-ouia-component-type="PF5/Button"
        data-ouia-safe="true"
        data-test-id="assistant-send-button"
        type="button"
      >
        <svg
          aria-hidden="true"
          class="pf-v5-svg"
          fill="currentColor"
          height="1em"
          role="img"
          viewBox="0 0 512 512"
          width="1em"
        >
          <path
            d="M476 3.2L12.5 270.6c-18.1 10.4-15.8 35.6 2.2 43.2L121 358.4l287.3-253.2c5.5-4.9 13.3 2.6 8.6 8.3L176 407v80.5c0 23.6 28.5 32.9 42.5 15.8L282 426l124.6 52.2c14.2 6 30.4-2.9 33-18.2l72-432C515 7.8 493.3-6.8 476 3.2z"
          />
        </svg>
      </button>
    </div>
  </div>
</div>
`;
